#-----------------------------------------------------------
# Vivado v2018.3 (64-bit)
# SW Build 2405991 on Thu Dec  6 23:38:27 MST 2018
# IP Build 2404404 on Fri Dec  7 01:43:56 MST 2018
# Start of session at: Thu Jan 31 16:08:57 2019
# Process ID: 4272
# Current directory: C:/Users/SET253-03U.HCCMAIN/Documents/Github/ENES245/ENES245SyedOsijaAhmed/lab1-mux/lab1_1_mux2-1-1bitwide
# Command line: vivado.exe -gui_launcher_event rodinguilauncherevent4304 C:\Users\SET253-03U.HCCMAIN\Documents\Github\ENES245\ENES245SyedOsijaAhmed\lab1-mux\lab1_1_mux2-1-1bitwide\lab1_1_mux2-1-1bitwide.xpr
# Log file: C:/Users/SET253-03U.HCCMAIN/Documents/Github/ENES245/ENES245SyedOsijaAhmed/lab1-mux/lab1_1_mux2-1-1bitwide/vivado.log
# Journal file: C:/Users/SET253-03U.HCCMAIN/Documents/Github/ENES245/ENES245SyedOsijaAhmed/lab1-mux/lab1_1_mux2-1-1bitwide\vivado.jou
#-----------------------------------------------------------
start_gui
open_project C:/Users/SET253-03U.HCCMAIN/Documents/Github/ENES245/ENES245SyedOsijaAhmed/lab1-mux/lab1_1_mux2-1-1bitwide/lab1_1_mux2-1-1bitwide.xpr
